// Jest Snapshot v1, https://goo.gl/fbAQLP

exports[`matches snapshot 1`] = `
<div
  className="profile"
>
  <div
    className="profile-missions"
  >
    <h2
      className="profile-rocket-missions"
    >
      My Missions
    </h2>
    <ul>
      <li>
        Oops! You have not joined any mission yet.
      </li>
    </ul>
  </div>
  <div
    className="profile-rockets"
  >
    <h2
      className="profile-rocket-missions"
    >
      My Rockets
    </h2>
    <ul>
      <li>
        No Rocket Reserved
      </li>
    </ul>
  </div>
</div>
`;
